// Vitest Snapshot v1, https://vitest.dev/guide/snapshot.html

exports[`BALANCE constants — regression guard > SM-2 ease constants have not changed 1`] = `2.5`;

exports[`BALANCE constants — regression guard > SM-2 ease constants have not changed 2`] = `1.3`;

exports[`BALANCE constants — regression guard > oxygen costs have not changed 1`] = `1`;

exports[`BALANCE constants — regression guard > oxygen costs have not changed 2`] = `2`;

exports[`BALANCE constants — regression guard > oxygen costs have not changed 3`] = `3`;

exports[`BALANCE constants — regression guard > oxygen costs have not changed 4`] = `5`;

exports[`BALANCE constants — regression guard > quiz rate constants have not changed 1`] = `0.08`;

exports[`BALANCE constants — regression guard > quiz rate constants have not changed 2`] = `15`;
